// Jest Snapshot v1, https://goo.gl/fbAQLP

exports[`@gondel/plugin-storage Adapter should get/set custom serializable items correctly 1`] = `"{\\"test2\\":\\"{\\\\\\"a\\\\\\":10,\\\\\\"b\\\\\\":20}\\"}"`;

exports[`@gondel/plugin-storage Adapter should get/set simple items correctly 1`] = `"{\\"test1\\":\\"test1\\"}"`;
